[html.kodesolution.com/2026/islamus-html/index.html]
[backblue.gif]
[fade.gif]
[index.html]
[html.kodesolution.com/2026/islamus-html/css/bootstrap.min.css]
[html.kodesolution.com/2026/islamus-html/css/style.css]
[html.kodesolution.com/2026/islamus-html/images/favicon.png]
[html.kodesolution.com/2026/islamus-html/index-2.html]
[html.kodesolution.com/2026/islamus-html/images/logo.png]
[html.kodesolution.com/2026/islamus-html/index-3.html]
[html.kodesolution.com/2026/islamus-html/index-4.html]
[html.kodesolution.com/2026/islamus-html/index-5.html]
[html.kodesolution.com/2026/islamus-html/index-6.html]
[html.kodesolution.com/2026/islamus-html/page-about.html]
[html.kodesolution.com/2026/islamus-html/page-team.html]
[html.kodesolution.com/2026/islamus-html/page-team-details.html]
[html.kodesolution.com/2026/islamus-html/shop-products.html]
[html.kodesolution.com/2026/islamus-html/shop-products-sidebar.html]
[html.kodesolution.com/2026/islamus-html/shop-product-details.html]
[html.kodesolution.com/2026/islamus-html/shop-cart.html]
[html.kodesolution.com/2026/islamus-html/shop-checkout.html]
[html.kodesolution.com/2026/islamus-html/page-testimonial.html]
[html.kodesolution.com/2026/islamus-html/page-faq.html]
[html.kodesolution.com/2026/islamus-html/page-404.html]
[html.kodesolution.com/2026/islamus-html/page-causes.html]
[html.kodesolution.com/2026/islamus-html/page-causes-details.html]
[html.kodesolution.com/2026/islamus-html/page-events.html]
[html.kodesolution.com/2026/islamus-html/page-event-details.html]
[html.kodesolution.com/2026/islamus-html/news-grid.html]
[html.kodesolution.com/2026/islamus-html/news-details.html]
[html.kodesolution.com/2026/islamus-html/page-contact.html]
[html.kodesolution.com/2026/islamus-html/images/logo-2.png]
[html.kodesolution.com/2026/islamus-html/images/shape/banner-leaf.png]
[html.kodesolution.com/2026/islamus-html/images/banner/banner-image.jpg]
[html.kodesolution.com/2026/islamus-html/images/shape/banner-image-bg.png]
[html.kodesolution.com/2026/islamus-html/images/banner/banner-bg.jpg]
[html.kodesolution.com/2026/islamus-html/images/shape/banner-shape1.png]
[html.kodesolution.com/2026/islamus-html/images/shape/banner-shape2.png]
[html.kodesolution.com/2026/islamus-html/images/about/about-image1.jpg]
[html.kodesolution.com/2026/islamus-html/images/shape/about-image1-shape.png]
[html.kodesolution.com/2026/islamus-html/images/about/about-image2.jpg]
[html.kodesolution.com/2026/islamus-html/images/shape/about-image2-shape.png]
[html.kodesolution.com/2026/islamus-html/images/shape/about-leaf.png]
[html.kodesolution.com/2026/islamus-html/images/shape/about-border.png]
[html.kodesolution.com/2026/islamus-html/images/icon/obj-img-1.png]
[html.kodesolution.com/2026/islamus-html/images/resource/causes-1.jpg]
[html.kodesolution.com/2026/islamus-html/images/resource/causes-2.jpg]
[html.kodesolution.com/2026/islamus-html/images/resource/causes-3.jpg]
[html.kodesolution.com/2026/islamus-html/images/icon/obj-img-2.png]
[html.kodesolution.com/2026/islamus-html/images/shape/time-bg.png]
[html.kodesolution.com/2026/islamus-html/images/service/service-image1.jpg]
[html.kodesolution.com/2026/islamus-html/images/service/service-image-bg.png]
[html.kodesolution.com/2026/islamus-html/images/service/service-image-bg-hover.png]
[html.kodesolution.com/2026/islamus-html/page-service-details.html]
[html.kodesolution.com/2026/islamus-html/images/shape/service-item-shape.png]
[html.kodesolution.com/2026/islamus-html/images/service/service-image2.jpg]
[html.kodesolution.com/2026/islamus-html/images/service/service-image3.jpg]
[html.kodesolution.com/2026/islamus-html/images/service/service-image4.jpg]
[html.kodesolution.com/2026/islamus-html/images/shape/service-shape.png]
[html.kodesolution.com/2026/islamus-html/images/shape/service-shape2.png]
[html.kodesolution.com/2026/islamus-html/images/icon/obj-img-3.png]
[html.kodesolution.com/2026/islamus-html/images/icon/obj-img-4.png]
[html.kodesolution.com/2026/islamus-html/images/event/event-image1.jpg]
[html.kodesolution.com/2026/islamus-html/images/event/event-image2.jpg]
[html.kodesolution.com/2026/islamus-html/images/event/event-image3.jpg]
[html.kodesolution.com/2026/islamus-html/images/icon/obj-img-5.png]
[html.kodesolution.com/2026/islamus-html/images/resource/team1-1.png]
[html.kodesolution.com/2026/islamus-html/images/resource/team1-2.png]
[html.kodesolution.com/2026/islamus-html/images/resource/team1-3.png]
[html.kodesolution.com/2026/islamus-html/images/resource/team1-4.png]
[html.kodesolution.com/2026/islamus-html/images/donation/donation-image.jpg]
[html.kodesolution.com/2026/islamus-html/images/shape/donation-bg.png]
[html.kodesolution.com/2026/islamus-html/images/shape/donation-shape.png]
[html.kodesolution.com/2026/islamus-html/images/donation/donation-hero.png]
[html.kodesolution.com/2026/islamus-html/images/icon/obj-img-6.png]
[html.kodesolution.com/2026/islamus-html/images/testimonial/testi2-1.jpg]
[html.kodesolution.com/2026/islamus-html/images/testimonial/testi2-2.jpg]
[html.kodesolution.com/2026/islamus-html/images/testimonial/testi2-3.jpg]
[html.kodesolution.com/2026/islamus-html/images/testimonial/testi2-4.jpg]
[html.kodesolution.com/2026/islamus-html/images/icon/obj-img-7.png]
[html.kodesolution.com/2026/islamus-html/images/blog/blog-1-1.jpg]
[html.kodesolution.com/2026/islamus-html/images/blog/blog-1-2.jpg]
[html.kodesolution.com/2026/islamus-html/images/blog/blog-1-3.jpg]
[html.kodesolution.com/2026/islamus-html/images/contact/contact-map.jpg]
[html.kodesolution.com/2026/islamus-html/images/contact/contact-image.jpg]
[html.kodesolution.com/2026/islamus-html/images/footer/footer-one-logo.png]
[html.kodesolution.com/2026/islamus-html/images/footer/footer-one-bg.png]
[html.kodesolution.com/cdn-cgi/scripts/5c5dd728/cloudflare-static/email-decode.min.js]
[html.kodesolution.com/2026/islamus-html/js/jquery.js]
[html.kodesolution.com/2026/islamus-html/js/popper.min.js]
[html.kodesolution.com/2026/islamus-html/js/bootstrap.min.js]
[html.kodesolution.com/2026/islamus-html/js/jquery.fancybox.js]
[html.kodesolution.com/2026/islamus-html/js/jquery-ui.js]
[html.kodesolution.com/2026/islamus-html/js/select2.min.js]
[html.kodesolution.com/2026/islamus-html/js/appear.js]
[html.kodesolution.com/2026/islamus-html/js/knob.js]
[html.kodesolution.com/2026/islamus-html/js/swiper.min.js]
[html.kodesolution.com/2026/islamus-html/js/ripple-2.js]
[html.kodesolution.com/2026/islamus-html/js/gsap.min.js]
[html.kodesolution.com/2026/islamus-html/js/ScrollTrigger.min.js]
[html.kodesolution.com/2026/islamus-html/js/three.js]
[html.kodesolution.com/2026/islamus-html/js/splitType.js]
[html.kodesolution.com/2026/islamus-html/js/gsap-scroll-smoother.js]
[html.kodesolution.com/2026/islamus-html/js/gsap-scroll-to-plugin.js]
[html.kodesolution.com/2026/islamus-html/js/SplitText.min.js]
[html.kodesolution.com/2026/islamus-html/js/wow.js]
[html.kodesolution.com/2026/islamus-html/js/aos.js]
[html.kodesolution.com/2026/islamus-html/js/script.js]
[html.kodesolution.com/2026/islamus-html/index.html]
[html.kodesolution.com/2026/islamus-html/css/bootstrap.min.css]
[html.kodesolution.com/2026/islamus-html/js/custom-gsap.js]
[html.kodesolution.com/2026/islamus-html/css/animate.css]
[html.kodesolution.com/2026/islamus-html/css/aos.css]
[html.kodesolution.com/2026/islamus-html/css/swiper.min.css]
[html.kodesolution.com/2026/islamus-html/css/jquery.fancybox.min.css]
[html.kodesolution.com/2026/islamus-html/css/jquery-ui.css]
[html.kodesolution.com/2026/islamus-html/css/linear.css]
[html.kodesolution.com/2026/islamus-html/css/select2.min.css]
[html.kodesolution.com/2026/islamus-html/css/fontawesome-free.css]
[html.kodesolution.com/2026/islamus-html/css/fontawesome.css]
[html.kodesolution.com/2026/islamus-html/css/flaticon-digitaal.css]
[html.kodesolution.com/2026/islamus-html/css/tm-bs-mp.css]
[html.kodesolution.com/2026/islamus-html/css/tm-utility-classes.css]
[html.kodesolution.com/2026/islamus-html/fonts/Gallery/gallery.regular.woff2]
[html.kodesolution.com/2026/islamus-html/images/icons/preloader.png]
[html.kodesolution.com/2026/islamus-html/images/icons/pattern-1.png]
[html.kodesolution.com/2026/islamus-html/images/icons/pattern-2.png]
[html.kodesolution.com/2026/islamus-html/images/icons/pattern-3.png]
[html.kodesolution.com/2026/islamus-html/images/icons/pattern-4.png]
[html.kodesolution.com/2026/islamus-html/images/icons/pattern-5.png]
[html.kodesolution.com/2026/islamus-html/images/icons/pattern-6.png]
[html.kodesolution.com/2026/islamus-html/images/bg/causes3-bg.png]
[html.kodesolution.com/2026/islamus-html/images/mask/case-three-btn-mask.png]
[html.kodesolution.com/2026/islamus-html/images/resource/cta-pattern2.png]
[html.kodesolution.com/2026/islamus-html/images/bg/event-bg-h5.jpg]
[html.kodesolution.com/2026/islamus-html/images/mask/donation-image-mask.png]
[html.kodesolution.com/2026/islamus-html/images/bg/home2-donation-bg.png]
[html.kodesolution.com/2026/islamus-html/images/mask/donation-three-image-mask.png]
[html.kodesolution.com/2026/islamus-html/images/mask/donation4-masking-img.png]
[html.kodesolution.com/2026/islamus-html/images/mask/donation-image-mask-h5.png]
[html.kodesolution.com/2026/islamus-html/images/mask/banneri-image-mask.png]
[html.kodesolution.com/2026/islamus-html/images/banner/banner-2-pattern.png]
[html.kodesolution.com/2026/islamus-html/images/banner/home2-banner-content-bg.jpg]
[html.kodesolution.com/2026/islamus-html/images/banner/banner2-slider-bg.jpg]
[html.kodesolution.com/2026/islamus-html/images/banner/banner-bgh4.png]
[html.kodesolution.com/2026/islamus-html/images/banner/banner5-bg.jpg]
[html.kodesolution.com/2026/islamus-html/images/resource/pricing-pattern.png]
[html.kodesolution.com/2026/islamus-html/images/resource/offer-badge.png]
[html.kodesolution.com/2026/islamus-html/images/resource/pricing-pattern-2.png]
[html.kodesolution.com/2026/islamus-html/images/icons/shape-2.png]
[html.kodesolution.com/2026/islamus-html/images/icons/shape-6.png]
[html.kodesolution.com/2026/islamus-html/images/icons/shape-s1.svg]
[html.kodesolution.com/2026/islamus-html/images/resource/feature-icon-pattern.png]
[html.kodesolution.com/2026/islamus-html/images/icons/shape-cirlcle.png]
[html.kodesolution.com/2026/islamus-html/images/icons/shape-1.png]
[html.kodesolution.com/2026/islamus-html/images/icons/shape-8.png]
[html.kodesolution.com/2026/islamus-html/images/mask/about-image1-mask.png]
[html.kodesolution.com/2026/islamus-html/images/mask/about-item-mask.png]
[html.kodesolution.com/2026/islamus-html/images/mask/about-two-mask.png]
[html.kodesolution.com/2026/islamus-html/images/mask/about-image3-mask.png]
[html.kodesolution.com/2026/islamus-html/images/mask/about-three-item-mask.png]
[html.kodesolution.com/2026/islamus-html/images/mask/about-three-mask.png]
[html.kodesolution.com/2026/islamus-html/images/resource/home41-masking-img.png]
[html.kodesolution.com/2026/islamus-html/images/resource/about5-2-mask.png]
[html.kodesolution.com/2026/islamus-html/images/mask/service-item-mask.png]
[html.kodesolution.com/2026/islamus-html/images/mask/service-item-image-mask.png]
[html.kodesolution.com/2026/islamus-html/images/bg/home2-service-bg.jpg]
[html.kodesolution.com/2026/islamus-html/images/mask/service2-item-mask.png]
[html.kodesolution.com/2026/islamus-html/images/mask/service2-item-image-mask.png]
[html.kodesolution.com/2026/islamus-html/images/mask/contact2-masking-img2.png]
[html.kodesolution.com/2026/islamus-html/images/icons/shape-3.png]
[html.kodesolution.com/2026/islamus-html/images/bg/testimonia-home5-bg.jpg]
[html.kodesolution.com/2026/islamus-html/images/icon/quote2.svg]
[html.kodesolution.com/2026/islamus-html/images/bg/home-2pray-bg.png]
[html.kodesolution.com/2026/islamus-html/images/bg/home2-event-bg.jpg]
[html.kodesolution.com/2026/islamus-html/images/mask/time-item-mask.png]
[html.kodesolution.com/2026/islamus-html/images/mask/team-mask-bg.png]
[html.kodesolution.com/2026/islamus-html/images/resource/cta-pattern.png]
[html.kodesolution.com/2026/islamus-html/images/icons/pattern-7.png]
[html.kodesolution.com/2026/islamus-html/images/icons/cat-1-bg.png]
[html.kodesolution.com/2026/islamus-html/images/icons/cat-2-bg.png]
[html.kodesolution.com/2026/islamus-html/images/icons/cat-3-bg.png]
[html.kodesolution.com/2026/islamus-html/images/icons/cat-4-bg.png]
[html.kodesolution.com/2026/islamus-html/images/icons/pattern-8.png]
[html.kodesolution.com/2026/islamus-html/images/icons/shape-7.png]
[html.kodesolution.com/2026/islamus-html/images/main-slider/slide-shape-bottom.png]
[html.kodesolution.com/2026/islamus-html/css/style.css]
[html.kodesolution.com/2026/islamus-html/index-2.html]
[html.kodesolution.com/2026/islamus-html/images/shape/banner2-sheap-1.png]
[html.kodesolution.com/2026/islamus-html/images/banner/banner2-bg1.jpg]
[html.kodesolution.com/2026/islamus-html/images/about/about-three-image.jpg]
[html.kodesolution.com/2026/islamus-html/images/about/about-three-2.jpg]
[html.kodesolution.com/2026/islamus-html/images/shape/about-image3-shape.png]
[html.kodesolution.com/2026/islamus-html/images/icon/about-three-icon1.png]
[html.kodesolution.com/2026/islamus-html/images/icon/about-three-icon2.png]
[html.kodesolution.com/2026/islamus-html/images/case/case-three-image1.jpg]
[html.kodesolution.com/2026/islamus-html/images/case/case-three-image2.jpg]
[html.kodesolution.com/2026/islamus-html/images/case/case-three-image3.jpg]
[html.kodesolution.com/2026/islamus-html/images/case/case-three-image4.jpg]
[html.kodesolution.com/2026/islamus-html/images/donation/donation-three-image.png]
[html.kodesolution.com/2026/islamus-html/images/resource/donor-1.png]
[html.kodesolution.com/2026/islamus-html/images/resource/donor-2.png]
[html.kodesolution.com/2026/islamus-html/images/resource/donor-3.png]
[html.kodesolution.com/2026/islamus-html/images/resource/donor-4.png]
[html.kodesolution.com/2026/islamus-html/images/bg/donation-three-bg.png]
[html.kodesolution.com/2026/islamus-html/images/shape/donation-three-shape.png]
[html.kodesolution.com/2026/islamus-html/images/testimonial/testimonial-three-image1.jpg]
[html.kodesolution.com/2026/islamus-html/images/testimonial/testimonial-three-user1.png]
[html.kodesolution.com/2026/islamus-html/images/icon/testimonial-three-quote.png]
[html.kodesolution.com/2026/islamus-html/images/testimonial/testimonial-three-image2.jpg]
[html.kodesolution.com/2026/islamus-html/images/testimonial/testimonial-three-user2.png]
[html.kodesolution.com/2026/islamus-html/images/testimonial/testimonial-three-user4.png]
[html.kodesolution.com/2026/islamus-html/images/bg/team3-bg-img.png]
[html.kodesolution.com/2026/islamus-html/images/resource/teams3-1.png]
[html.kodesolution.com/2026/islamus-html/images/resource/faq-2-1.jpg]
[html.kodesolution.com/2026/islamus-html/images/resource/man.png]
[html.kodesolution.com/2026/islamus-html/images/mask/contact2-masking-img1.png]
[html.kodesolution.com/2026/islamus-html/images/shape/footer2-shape1.png]
[html.kodesolution.com/2026/islamus-html/images/shape/footer2-sheap2.png]
[html.kodesolution.com/2026/islamus-html/index-3.html]
[html.kodesolution.com/2026/islamus-html/images/banner/banner-two-icon.png]
[html.kodesolution.com/2026/islamus-html/images/banner/home2-banner.jpg]
[html.kodesolution.com/2026/islamus-html/images/about/about-two-image.jpg]
[html.kodesolution.com/2026/islamus-html/images/shape/about-two-item-shape.png]
[html.kodesolution.com/2026/islamus-html/images/shape/about-two-leaf.png]
[html.kodesolution.com/2026/islamus-html/images/shape/about-two-shape.png]
[html.kodesolution.com/2026/islamus-html/images/service/service2-image1.jpg]
[html.kodesolution.com/2026/islamus-html/images/service/service2-image2.jpg]
[html.kodesolution.com/2026/islamus-html/images/service/service2-image3.jpg]
[html.kodesolution.com/2026/islamus-html/images/service/service2-image4.jpg]
[html.kodesolution.com/2026/islamus-html/images/bg/time-two-bg-image.png]
[html.kodesolution.com/2026/islamus-html/images/case/case-two-image1.jpg]
[html.kodesolution.com/2026/islamus-html/images/shape/case-two-item-shape.png]
[html.kodesolution.com/2026/islamus-html/images/case/case-two-image2.jpg]
[html.kodesolution.com/2026/islamus-html/images/icon/case-two-author.png]
[html.kodesolution.com/2026/islamus-html/images/resource/home2-floating-img.png]
[html.kodesolution.com/2026/islamus-html/images/event/event-two-image1.jpg]
[html.kodesolution.com/2026/islamus-html/images/event/event-two-image2.jpg]
[html.kodesolution.com/2026/islamus-html/images/event/event-two-image3.jpg]
[html.kodesolution.com/2026/islamus-html/images/footer/footer-two-object1.png]
[html.kodesolution.com/2026/islamus-html/images/donation/donation-man.png]
[html.kodesolution.com/2026/islamus-html/images/gallery/gallery-image1.jpg]
[html.kodesolution.com/2026/islamus-html/page-gallery.html]
[html.kodesolution.com/2026/islamus-html/images/gallery/gallery-image2.jpg]
[html.kodesolution.com/2026/islamus-html/images/gallery/gallery-image3.jpg]
[html.kodesolution.com/2026/islamus-html/images/gallery/gallery-image4.jpg]
[html.kodesolution.com/2026/islamus-html/images/blog/blog-image1.jpg]
[html.kodesolution.com/2026/islamus-html/images/blog/blog-border.png]
[html.kodesolution.com/2026/islamus-html/images/blog/blog-image2.jpg]
[html.kodesolution.com/2026/islamus-html/images/blog/blog-image3.jpg]
[html.kodesolution.com/2026/islamus-html/images/icon/footer-two-icon.png]
[html.kodesolution.com/2026/islamus-html/images/footer/footer-two-bg.jpg]
[html.kodesolution.com/2026/islamus-html/images/footer/footer-two-object2.png]
[html.kodesolution.com/2026/islamus-html/index-4.html]
[html.kodesolution.com/2026/islamus-html/js/distortion-img.js]
[html.kodesolution.com/2026/islamus-html/images/banner/banner4-1.jpg]
[html.kodesolution.com/2026/islamus-html/images/resource/about4-1.png]
[html.kodesolution.com/2026/islamus-html/images/resource/about4-1.jpg]
[html.kodesolution.com/2026/islamus-html/images/resource/about4-2.jpg]
[html.kodesolution.com/2026/islamus-html/images/resource/mission-1.jpg]
[html.kodesolution.com/2026/islamus-html/images/resource/floating-imgh4.png]
[html.kodesolution.com/2026/islamus-html/images/gallery/gallery-four-image1.jpg]
[html.kodesolution.com/2026/islamus-html/images/gallery/gallery-four-image2.jpg]
[html.kodesolution.com/2026/islamus-html/images/gallery/gallery-four-image3.jpg]
[html.kodesolution.com/2026/islamus-html/images/gallery/gallery-four-image4.jpg]
[html.kodesolution.com/2026/islamus-html/images/gallery/gallery-four-image5.jpg]
[html.kodesolution.com/2026/islamus-html/images/resource/cta-shapeh4.png]
[html.kodesolution.com/2026/islamus-html/images/resource/qrn-photo.png]
[html.kodesolution.com/2026/islamus-html/images/resource/001.mp3]
[html.kodesolution.com/2026/islamus-html/images/resource/cta-mosq-img.png]
[html.kodesolution.com/2026/islamus-html/images/bg/footer-bg-h4.jpg]
[html.kodesolution.com/2026/islamus-html/images/event/event-four-image.jpg]
[html.kodesolution.com/2026/islamus-html/images/shape/contact-object.png]
[html.kodesolution.com/2026/islamus-html/images/case/case-four-image1.jpg]
[html.kodesolution.com/2026/islamus-html/images/case/case-four-image2.jpg]
[html.kodesolution.com/2026/islamus-html/images/case/case-four-image3.jpg]
[html.kodesolution.com/2026/islamus-html/index-5.html]
[html.kodesolution.com/2026/islamus-html/images/banner/banner5-1.jpg]
[html.kodesolution.com/2026/islamus-html/images/resource/about5-1.jpg]
[html.kodesolution.com/2026/islamus-html/images/resource/about5-2.jpg]
[html.kodesolution.com/2026/islamus-html/images/resource/about5-2cali.png]
[html.kodesolution.com/2026/islamus-html/images/resource/about5-3.jpg]
[html.kodesolution.com/2026/islamus-html/images/shape/case-item-h5.png]
[html.kodesolution.com/2026/islamus-html/images/resource/cta-shapeh5.png]
[html.kodesolution.com/2026/islamus-html/images/bg/why-choseus-h5.jpg]
[html.kodesolution.com/2026/islamus-html/images/resource/team-1.jpg]
[html.kodesolution.com/2026/islamus-html/images/resource/team-2.jpg]
[html.kodesolution.com/2026/islamus-html/images/resource/team-3.jpg]
[html.kodesolution.com/2026/islamus-html/images/resource/team-4.jpg]
[html.kodesolution.com/2026/islamus-html/images/gallery/gallery-five-image1.jpg]
[html.kodesolution.com/2026/islamus-html/images/gallery/gallery-five-image2.jpg]
[html.kodesolution.com/2026/islamus-html/images/gallery/gallery-five-image3.jpg]
[html.kodesolution.com/2026/islamus-html/images/resource/testimonial1-1.jpg]
[html.kodesolution.com/2026/islamus-html/images/resource/testimonial1-2.jpg]
[html.kodesolution.com/2026/islamus-html/images/resource/testimonial1-3.jpg]
[html.kodesolution.com/2026/islamus-html/images/donation/donation-image2.jpg]
[html.kodesolution.com/2026/islamus-html/images/resource/blog-3-1.jpg]
[html.kodesolution.com/2026/islamus-html/images/resource/blog-3-2.jpg]
[html.kodesolution.com/2026/islamus-html/images/resource/blog-3-3.jpg]
[html.kodesolution.com/2026/islamus-html/images/resource/footer5-1.png]
[html.kodesolution.com/2026/islamus-html/images/resource/footer5-1.jpg]
[html.kodesolution.com/2026/islamus-html/index-6.html]
[html.kodesolution.com/2026/islamus-html/images/bg/page-title.jpg]
[html.kodesolution.com/2026/islamus-html/page-about.html]
[html.kodesolution.com/2026/islamus-html/page-team.html]
[html.kodesolution.com/2026/islamus-html/images/resource/team-details.jpg]
[html.kodesolution.com/2026/islamus-html/js/jquery.validate.min.js]
[html.kodesolution.com/2026/islamus-html/js/jquery.form.min.js]
[html.kodesolution.com/2026/islamus-html/page-team-details.html]
[html.kodesolution.com/2026/islamus-html/js/custom-contact.js]
[html.kodesolution.com/2026/islamus-html/images/resource/products/1.jpg]
[html.kodesolution.com/2026/islamus-html/images/resource/products/2.jpg]
[html.kodesolution.com/2026/islamus-html/images/resource/products/3.jpg]
[html.kodesolution.com/2026/islamus-html/images/resource/products/4.jpg]
[html.kodesolution.com/2026/islamus-html/images/resource/products/5.jpg]
[html.kodesolution.com/2026/islamus-html/images/resource/products/6.jpg]
[html.kodesolution.com/2026/islamus-html/images/resource/products/7.jpg]
[html.kodesolution.com/2026/islamus-html/images/resource/products/8.jpg]
[html.kodesolution.com/2026/islamus-html/js/mixitup.js]
[html.kodesolution.com/2026/islamus-html/shop-products.html]
[html.kodesolution.com/2026/islamus-html/js/bxslider.js]
[html.kodesolution.com/2026/islamus-html/shop-details.html]
[html.kodesolution.com/2026/islamus-html/images/resource/products/thumb-1.jpg]
[html.kodesolution.com/2026/islamus-html/images/resource/products/thumb-2.jpg]
[html.kodesolution.com/2026/islamus-html/images/resource/products/thumb-3.jpg]
[html.kodesolution.com/2026/islamus-html/shop-products-sidebar.html]
[html.kodesolution.com/2026/islamus-html/images/resource/products/product-details.jpg]
[html.kodesolution.com/2026/islamus-html/images/resource/products/product-details2.jpg]
[html.kodesolution.com/2026/islamus-html/images/resource/products/product-details3.jpg]
[html.kodesolution.com/2026/islamus-html/images/resource/testi-thumb1-1.png]
[html.kodesolution.com/2026/islamus-html/images/resource/testi-thumb1-2.png]
[html.kodesolution.com/2026/islamus-html/shop-product-details.html]
[html.kodesolution.com/2026/islamus-html/shop-cart.html]
[html.kodesolution.com/2026/islamus-html/shop-checkout.html]
[html.kodesolution.com/2026/islamus-html/images/testimonial/testimonial-three-user3.png]
[html.kodesolution.com/2026/islamus-html/page-testimonial.html]
[html.kodesolution.com/2026/islamus-html/page-faq.html]
[html.kodesolution.com/2026/islamus-html/images/resource/404.jpg]
[html.kodesolution.com/2026/islamus-html/page-404.html]
[html.kodesolution.com/2026/islamus-html/page-causes.html]
[html.kodesolution.com/2026/islamus-html/images/resource/service-details.jpg]
[html.kodesolution.com/2026/islamus-html/page-causes-details.html]
[html.kodesolution.com/2026/islamus-html/page-events.html]
[html.kodesolution.com/2026/islamus-html/yourdomain.com]
[html.kodesolution.com/2026/islamus-html/images/resource/project-details-1.jpg]
[html.kodesolution.com/2026/islamus-html/images/resource/project-details-2.jpg]
[html.kodesolution.com/2026/islamus-html/images/resource/project-details-3.jpg]
[html.kodesolution.com/2026/islamus-html/images/resource/project-details-4.jpg]
[html.kodesolution.com/2026/islamus-html/images/resource/pagination-bar.png]
[html.kodesolution.com/2026/islamus-html/page-event-details.html]
[html.kodesolution.com/2026/islamus-html/news-grid.html]
[html.kodesolution.com/2026/islamus-html/images/resource/news-details.jpg]
[html.kodesolution.com/2026/islamus-html/images/resource/client-3.jpg]
[html.kodesolution.com/2026/islamus-html/images/resource/client-2.jpg]
[html.kodesolution.com/2026/islamus-html/images/resource/news-1-1.jpg]
[html.kodesolution.com/2026/islamus-html/images/resource/news-1-2.jpg]
[html.kodesolution.com/2026/islamus-html/images/resource/news-1-3.jpg]
[html.kodesolution.com/2026/islamus-html/news-details.html]
[html.kodesolution.com/2026/islamus-html/page-contact.html]
[html.kodesolution.com/2026/islamus-html/page-service-details.html]
[html.kodesolution.com/2026/islamus-html/css/animate.css]
[html.kodesolution.com/2026/islamus-html/css/aos.css]
[html.kodesolution.com/2026/islamus-html/css/swiper.min.css]
[html.kodesolution.com/2026/islamus-html/css/jquery.fancybox.min.css]
[html.kodesolution.com/2026/islamus-html/css/images/ui-icons_444444_256x240.png]
[html.kodesolution.com/2026/islamus-html/css/images/ui-icons_555555_256x240.png]
[html.kodesolution.com/2026/islamus-html/css/images/ui-icons_777620_256x240.png]
[html.kodesolution.com/2026/islamus-html/css/images/ui-icons_cc0000_256x240.png]
[html.kodesolution.com/2026/islamus-html/css/jquery-ui.css]
[html.kodesolution.com/2026/islamus-html/fonts/linearicons-free8429.eot]
[html.kodesolution.com/2026/islamus-html/fonts/linearicons-free8429.ttf]
[html.kodesolution.com/2026/islamus-html/fonts/linearicons-free8429.woff]
[html.kodesolution.com/2026/islamus-html/css/linear.css]
[html.kodesolution.com/2026/islamus-html/css/select2.min.css]
[html.kodesolution.com/2026/islamus-html/fonts/linearicons-free8429.svg]
[html.kodesolution.com/2026/islamus-html/fonts/webfonts/fa-brands-400.woff2]
[html.kodesolution.com/2026/islamus-html/fonts/webfonts/fa-brands-400.ttf]
[html.kodesolution.com/2026/islamus-html/fonts/webfonts/fa-regular-400.woff2]
[html.kodesolution.com/2026/islamus-html/fonts/webfonts/fa-regular-400.ttf]
[html.kodesolution.com/2026/islamus-html/fonts/webfonts/fa-solid-900.woff2]
[html.kodesolution.com/2026/islamus-html/fonts/webfonts/fa-solid-900.ttf]
[html.kodesolution.com/2026/islamus-html/fonts/webfonts/fa-v4compatibility.woff2]
[html.kodesolution.com/2026/islamus-html/fonts/webfonts/fa-v4compatibility.ttf]
[html.kodesolution.com/2026/islamus-html/css/fontawesome-free.css]
[html.kodesolution.com/2026/islamus-html/fonts/fa-brands-400.woff2]
[html.kodesolution.com/2026/islamus-html/fonts/fa-brands-400.woff]
[html.kodesolution.com/2026/islamus-html/fonts/fa-brands-400.ttf]
[html.kodesolution.com/2026/islamus-html/fonts/fa-duotone-900.woff2]
[html.kodesolution.com/2026/islamus-html/fonts/fa-duotone-900.woff]
[html.kodesolution.com/2026/islamus-html/fonts/fa-duotone-900.ttf]
[html.kodesolution.com/2026/islamus-html/fonts/fa-light-300.woff2]
[html.kodesolution.com/2026/islamus-html/fonts/fa-light-300.woff]
[html.kodesolution.com/2026/islamus-html/fonts/fa-light-300.ttf]
[html.kodesolution.com/2026/islamus-html/fonts/fa-regular-400.woff2]
[html.kodesolution.com/2026/islamus-html/fonts/fa-regular-400.woff]
[html.kodesolution.com/2026/islamus-html/fonts/fa-regular-400.ttf]
[html.kodesolution.com/2026/islamus-html/fonts/fa-solid-900.woff2]
[html.kodesolution.com/2026/islamus-html/fonts/fa-solid-900.woff]
[html.kodesolution.com/2026/islamus-html/fonts/fa-solid-900.ttf]
[html.kodesolution.com/2026/islamus-html/fonts/fa-thin-100.woff2]
[html.kodesolution.com/2026/islamus-html/fonts/fa-thin-100.woff]
[html.kodesolution.com/2026/islamus-html/css/fontawesome.css]
[html.kodesolution.com/2026/islamus-html/fonts/fa-thin-100.ttf]
[html.kodesolution.com/2026/islamus-html/fonts/flaticon_digitaal.woff2]
[html.kodesolution.com/2026/islamus-html/fonts/flaticon_digitaal.woff]
[html.kodesolution.com/2026/islamus-html/fonts/flaticon_digitaal.eot]
[html.kodesolution.com/2026/islamus-html/fonts/flaticon_digitaal.ttf]
[html.kodesolution.com/2026/islamus-html/css/flaticon-digitaal.css]
[html.kodesolution.com/2026/islamus-html/css/tm-bs-mp.css]
[html.kodesolution.com/2026/islamus-html/css/tm-utility-classes.css]
[html.kodesolution.com/2026/islamus-html/images/icons/preloader.html]
[html.kodesolution.com/2026/islamus-html/images/icons/pattern-1.html]
[html.kodesolution.com/2026/islamus-html/images/icons/pattern-2.html]
[html.kodesolution.com/2026/islamus-html/images/icons/pattern-3.html]
[html.kodesolution.com/2026/islamus-html/images/icons/pattern-4.html]
[html.kodesolution.com/2026/islamus-html/images/icons/pattern-5.html]
[html.kodesolution.com/2026/islamus-html/images/icons/pattern-6.html]
[html.kodesolution.com/2026/islamus-html/images/resource/pricing-pattern.html]
[html.kodesolution.com/2026/islamus-html/images/resource/offer-badge.html]
[html.kodesolution.com/2026/islamus-html/images/resource/pricing-pattern-2.html]
[html.kodesolution.com/2026/islamus-html/images/icons/shape-2.html]
[html.kodesolution.com/2026/islamus-html/images/icons/shape-6.html]
[html.kodesolution.com/2026/islamus-html/images/icons/shape-s1.html]
[html.kodesolution.com/2026/islamus-html/images/resource/feature-icon-pattern.html]
[html.kodesolution.com/2026/islamus-html/images/icons/shape-cirlcle.html]
[html.kodesolution.com/2026/islamus-html/images/icons/shape-1.html]
[html.kodesolution.com/2026/islamus-html/images/icons/shape-8.html]
[html.kodesolution.com/2026/islamus-html/images/icons/shape-3.html]
[html.kodesolution.com/2026/islamus-html/images/icon/quote2.svg]
[html.kodesolution.com/2026/islamus-html/images/icons/pattern-7.html]
[html.kodesolution.com/2026/islamus-html/images/icons/cat-1-bg.html]
[html.kodesolution.com/2026/islamus-html/images/icons/cat-2-bg.html]
[html.kodesolution.com/2026/islamus-html/images/icons/cat-3-bg.html]
[html.kodesolution.com/2026/islamus-html/images/icons/cat-4-bg.html]
[html.kodesolution.com/2026/islamus-html/images/icons/pattern-8.html]
[html.kodesolution.com/2026/islamus-html/images/icons/shape-7.html]
[html.kodesolution.com/2026/islamus-html/images/main-slider/slide-shape-bottom.html]
[html.kodesolution.com/2026/islamus-html/page-gallery.html]
[html.kodesolution.com/2026/islamus-html/shop-details.html]
[html.kodesolution.com/2026/islamus-html/yourdomain.html]
[html.kodesolution.com/2026/islamus-html/css/images/ui-icons_777620_256x240.html]
[html.kodesolution.com/2026/islamus-html/css/images/ui-icons_cc0000_256x240.html]
[html.kodesolution.com/2026/islamus-html/fonts/linearicons-free8429.svg]
[html.kodesolution.com/2026/islamus-html/fonts/webfonts/fa-brands-400.html]
[html.kodesolution.com/2026/islamus-html/fonts/webfonts/fa-brands-401.html]
[html.kodesolution.com/2026/islamus-html/fonts/webfonts/fa-regular-400.html]
[html.kodesolution.com/2026/islamus-html/fonts/webfonts/fa-regular-401.html]
[html.kodesolution.com/2026/islamus-html/fonts/webfonts/fa-solid-900.html]
[html.kodesolution.com/2026/islamus-html/fonts/webfonts/fa-solid-901.html]
[html.kodesolution.com/2026/islamus-html/fonts/webfonts/fa-v4compatibility.html]
[html.kodesolution.com/2026/islamus-html/fonts/webfonts/fa-v4compatibility-2.html]
[html.kodesolution.com/2026/islamus-html/fonts/flaticon_digitaal.svg]
[html.kodesolution.com/2026/islamus-html/fonts/flaticon_digitaal.svg]
